*** TableMetadta test start. ***

=== class object test start. ===
--- get table metadata by table name. ---
--- table ---
id : 1
name :  table_1
primary_key : 1
primary_key : 2
--- columns ---
id :  1
table id :  1
name :  column_1
ordinal position :  1
datatype id :  8
datatype name : FLOAT32
nullable :  0
direction :  1
direction : ASCENDANT
---------------
id :  2
table id :  1
name :  column_2
ordinal position :  2
datatype id :  14
datatype name : VARCHAR
data length :  8
varying :  1
nullable :  0
direction :  0
direction : DEFAULT
---------------
id :  3
table id :  1
name :  column_3
ordinal position :  3
datatype id :  13
datatype name : CHAR
data length :  1
varying :  0
nullable :  1
direction :  0
direction : DEFAULT
---------------
--- get table metadata by table id. ---
--- table ---
id : 1
name :  table_1
primary_key : 1
primary_key : 2
--- columns ---
id :  1
table id :  1
name :  column_1
ordinal position :  1
datatype id :  8
datatype name : FLOAT32
nullable :  0
direction :  1
direction : ASCENDANT
---------------
id :  2
table id :  1
name :  column_2
ordinal position :  2
datatype id :  14
datatype name : VARCHAR
data length :  8
varying :  1
nullable :  0
direction :  0
direction : DEFAULT
---------------
id :  3
table id :  1
name :  column_3
ordinal position :  3
datatype id :  13
datatype name : CHAR
data length :  1
varying :  0
nullable :  1
direction :  0
direction : DEFAULT
---------------
=== class object test done. ===

=== remove table functions test start. ===
remove table name :table_2, id:2
remove table name :table_4, id:4
remove table name :table_1, id:1
remove table name :table_5, id:5
remove table name :table_3, id:3
can't remove table name not exists :table_name_not_exists
remove table id:7
remove table id:9
remove table id:6
remove table id:10
remove table id:8
can't remove table id not exists :0
=== remove table functions test done. ===

=== datatypes object test start. ===
DataTypes -> FORMAT_VERSION:[1] / GENERATION:[1] / ID:[4] / NAME:[INT32]
DataTypes -> FORMAT_VERSION:[1] / GENERATION:[1] / ID:[6] / NAME:[INT64]
DataTypes -> FORMAT_VERSION:[1] / GENERATION:[1] / ID:[8] / NAME:[FLOAT32]
DataTypes -> FORMAT_VERSION:[1] / GENERATION:[1] / ID:[9] / NAME:[FLOAT64]
DataTypes -> FORMAT_VERSION:[1] / GENERATION:[1] / ID:[13] / NAME:[CHAR]
DataTypes -> FORMAT_VERSION:[1] / GENERATION:[1] / ID:[14] / NAME:[VARCHAR]
=== datatypes object test done. ===

tables test                   : Success
tables remove  functions test : Success
datatypes test                : Success

*** TableMetadta test completed. ***
